Godot Engine v4.5.1.stable.official.f62fdbde1 - https://godotengine.org
OpenGL API 3.3.0 NVIDIA 591.74 - Compatibility - Using Device: NVIDIA - NVIDIA GeForce RTX 4070 Laptop GPU

Loaded grass texture
Loaded stone texture
Loaded water texture
[HEALTH BAR] _ready() called for Player
[HEALTH BAR] Max health: 100 Current: 100
[HEALTH BAR] Created for Player with 100 max health
[PLAYER_READY] Children of Main:
  - World (Node2D)
  - Player (CharacterBody2D)
Trithia game started!
Main node ready, about to wait for process frame
About to call spawn_starting_orc()
Spawning orc...
Player position: (16.0, 16.0)
Orc position: (16.0, 144.0)
Orc _ready() called
Orc position: (16.0, 144.0)
Orc animated_sprite node: AnimatedSprite2D:<AnimatedSprite2D#28705818027>
Orc parent: Main:<Node2D#27296531828>
Orc found Player: Player:<CharacterBody2D#27330086262>
Orc found World: World:<Node2D#27313309045>
Orc position after snapping: (48.0, 176.0)
Orc animation started
[HEALTH BAR] _ready() called for Orc
[HEALTH BAR] Max health: 50 Current: 50
[HEALTH BAR] Created for Orc with 50 max health
Grid check - Player tile: (1.0, 1.0) at world pos (16.0, 16.0)
Grid check - Orc tile: (2.0, 6.0) at world pos (48.0, 176.0)
Orc added to Main
Spawning orc...
Player position: (16.0, 16.0)
Orc position: (16.0, 144.0)
Orc _ready() called
Orc position: (16.0, 144.0)
Orc animated_sprite node: AnimatedSprite2D:<AnimatedSprite2D#29460792772>
Orc parent: Main:<Node2D#27296531828>
Orc found Player: Player:<CharacterBody2D#27330086262>
Orc found World: World:<Node2D#27313309045>
Orc position after snapping: (48.0, 176.0)
Orc animation started
[HEALTH BAR] _ready() called for @CharacterBody2D@2
[HEALTH BAR] Max health: 50 Current: 50
[HEALTH BAR] Created for @CharacterBody2D@2 with 50 max health
Grid check - Player tile: (1.0, 1.0) at world pos (16.0, 16.0)
Grid check - Orc tile: (2.0, 6.0) at world pos (48.0, 176.0)
Orc added to Main
spawn_starting_orcs() completed
[PLAYER] Orc reference found in _process: Orc
[COLLISION CHECK] Target: (48.0, 16.0) - checked 1 orcs, no collision
[MOVE_COMPLETE] Snapped to tile (1.0,0.0) at pos (48.0, 16.0)
[COLLISION CHECK] Target: (80.0, 48.0) - checked 1 orcs, no collision
[MOVE_COMPLETE] Snapped to tile (2.0,1.0) at pos (80.0, 48.0)
[COLLISION CHECK] Target: (80.0, 80.0) - checked 1 orcs, no collision
[MOVE_COMPLETE] Snapped to tile (2.0,2.0) at pos (80.0, 80.0)
[COLLISION CHECK] Target: (80.0, 112.0) - checked 1 orcs, no collision
[MOVE_COMPLETE] Snapped to tile (2.0,3.0) at pos (80.0, 112.0)
[ORC_ATTACK] Orc dealt 7 damage to Player. HP: 93/100
[COLLISION CHECK] Target: (80.0, 144.0) vs Orc #1 at (49.44048, 146.881) Distance: 30.6950206756592 BLOCKED: true
[KEYBOARD_MOVE] Blocked by entity at tile (2.0,4.0)
[COLLISION CHECK] Target: (80.0, 144.0) vs Orc #1 at (48.69513, 145.3903) Distance: 31.3357238769531 BLOCKED: true
[KEYBOARD_MOVE] Blocked by entity at tile (2.0,4.0)
[COLLISION CHECK] Target: (80.0, 144.0) - checked 1 orcs, no collision
[ORC_ATTACK] Orc dealt 10 damage to Player. HP: 83/100
[MOVE_COMPLETE] Snapped to tile (2.0,4.0) at pos (80.0, 144.0)
[COLLISION CHECK] Target: (48.0, 144.0) - checked 1 orcs, no collision
[MOVE_COMPLETE] Snapped to tile (1.0,4.0) at pos (48.0, 144.0)
[COLLISION CHECK] Target: (48.0, 112.0) - checked 1 orcs, no collision
[MOVE_COMPLETE] Snapped to tile (1.0,3.0) at pos (48.0, 112.0)
[COLLISION CHECK] Target: (48.0, 80.0) vs Orc #1 at (48.0, 71.33334) Distance: 8.66666412353516 BLOCKED: true
[KEYBOARD_MOVE] Blocked by entity at tile (1.0,2.0)
[COLLISION CHECK] Target: (48.0, 80.0) vs Orc #1 at (48.0, 73.0) Distance: 7.0 BLOCKED: true
[KEYBOARD_MOVE] Blocked by entity at tile (1.0,2.0)
[COLLISION CHECK] Target: (48.0, 80.0) vs Orc #1 at (48.0, 74.66666) Distance: 5.33333587646484 BLOCKED: true
[KEYBOARD_MOVE] Blocked by entity at tile (1.0,2.0)
[COLLISION CHECK] Target: (48.0, 80.0) vs Orc #1 at (48.0, 76.33333) Distance: 3.66667175292969 BLOCKED: true
[KEYBOARD_MOVE] Blocked by entity at tile (1.0,2.0)
[COLLISION CHECK] Target: (48.0, 80.0) vs Orc #1 at (48.0, 77.99999) Distance: 2.00000762939453 BLOCKED: true
[KEYBOARD_MOVE] Blocked by entity at tile (1.0,2.0)
[COLLISION CHECK] Target: (48.0, 80.0) vs Orc #1 at (48.0, 79.66666) Distance: 0.33334350585938 BLOCKED: true
[KEYBOARD_MOVE] Blocked by entity at tile (1.0,2.0)
[COLLISION CHECK] Target: (48.0, 80.0) vs Orc #1 at (48.0, 80.0) Distance: 0.0 BLOCKED: true
[KEYBOARD_MOVE] Blocked by entity at tile (1.0,2.0)
[COLLISION CHECK] Target: (48.0, 80.0) vs Orc #1 at (48.0, 80.0) Distance: 0.0 BLOCKED: true
[KEYBOARD_MOVE] Blocked by entity at tile (1.0,2.0)
[COLLISION CHECK] Target: (48.0, 80.0) vs Orc #1 at (48.0, 80.0) Distance: 0.0 BLOCKED: true
[KEYBOARD_MOVE] Blocked by entity at tile (1.0,2.0)
[COLLISION CHECK] Target: (48.0, 80.0) vs Orc #1 at (48.0, 80.0) Distance: 0.0 BLOCKED: true
[KEYBOARD_MOVE] Blocked by entity at tile (1.0,2.0)
[COLLISION CHECK] Target: (48.0, 80.0) vs Orc #1 at (48.0, 80.0) Distance: 0.0 BLOCKED: true
[KEYBOARD_MOVE] Blocked by entity at tile (1.0,2.0)
[COLLISION CHECK] Target: (48.0, 80.0) vs Orc #1 at (48.0, 80.0) Distance: 0.0 BLOCKED: true
[KEYBOARD_MOVE] Blocked by entity at tile (1.0,2.0)
[COLLISION CHECK] Target: (48.0, 80.0) vs Orc #1 at (48.0, 80.0) Distance: 0.0 BLOCKED: true
[KEYBOARD_MOVE] Blocked by entity at tile (1.0,2.0)
[COLLISION CHECK] Target: (48.0, 80.0) vs Orc #1 at (48.0, 80.0) Distance: 0.0 BLOCKED: true
[KEYBOARD_MOVE] Blocked by entity at tile (1.0,2.0)
[COLLISION CHECK] Target: (48.0, 80.0) vs Orc #1 at (48.0, 80.0) Distance: 0.0 BLOCKED: true
[KEYBOARD_MOVE] Blocked by entity at tile (1.0,2.0)
[COLLISION CHECK] Target: (48.0, 80.0) vs Orc #1 at (48.0, 80.0) Distance: 0.0 BLOCKED: true
[KEYBOARD_MOVE] Blocked by entity at tile (1.0,2.0)
[COLLISION CHECK] Target: (48.0, 80.0) vs Orc #1 at (48.0, 80.0) Distance: 0.0 BLOCKED: true
[KEYBOARD_MOVE] Blocked by entity at tile (1.0,2.0)
[COLLISION CHECK] Target: (48.0, 80.0) vs Orc #1 at (48.0, 80.0) Distance: 0.0 BLOCKED: true
[KEYBOARD_MOVE] Blocked by entity at tile (1.0,2.0)
[COLLISION CHECK] Target: (48.0, 80.0) vs Orc #1 at (48.0, 80.0) Distance: 0.0 BLOCKED: true
[KEYBOARD_MOVE] Blocked by entity at tile (1.0,2.0)
[COLLISION CHECK] Target: (48.0, 80.0) vs Orc #1 at (48.0, 80.0) Distance: 0.0 BLOCKED: true
[KEYBOARD_MOVE] Blocked by entity at tile (1.0,2.0)
[COLLISION CHECK] Target: (48.0, 80.0) vs Orc #1 at (48.0, 80.0) Distance: 0.0 BLOCKED: true
[KEYBOARD_MOVE] Blocked by entity at tile (1.0,2.0)
[COLLISION CHECK] Target: (48.0, 80.0) vs Orc #1 at (48.0, 80.0) Distance: 0.0 BLOCKED: true
[KEYBOARD_MOVE] Blocked by entity at tile (1.0,2.0)
[COLLISION CHECK] Target: (48.0, 80.0) vs Orc #1 at (48.0, 80.0) Distance: 0.0 BLOCKED: true
[KEYBOARD_MOVE] Blocked by entity at tile (1.0,2.0)
[COLLISION CHECK] Target: (80.0, 112.0) - checked 1 orcs, no collision
[MOVE_COMPLETE] Snapped to tile (2.0,3.0) at pos (80.0, 112.0)
[ORC_ATTACK] Orc dealt 10 damage to Player. HP: 73/100
[ORC_ATTACK] Orc dealt 6 damage to Player. HP: 67/100
[COLLISION CHECK] Target: (48.0, 112.0) - checked 1 orcs, no collision
[MOVE_COMPLETE] Snapped to tile (1.0,3.0) at pos (48.0, 112.0)
[COLLISION CHECK] Target: (16.0, 112.0) - checked 1 orcs, no collision
[MOVE_COMPLETE] Snapped to tile (0.0,3.0) at pos (16.0, 112.0)
[COLLISION CHECK] Target: (16.0, 80.0) - checked 1 orcs, no collision
[MOVE_COMPLETE] Snapped to tile (0.0,2.0) at pos (16.0, 80.0)
[COLLISION CHECK] Target: (48.0, 80.0) vs Orc #1 at (48.0, 80.0) Distance: 0.0 BLOCKED: true
[KEYBOARD_MOVE] Blocked by entity at tile (1.0,2.0)
[COLLISION CHECK] Target: (48.0, 80.0) vs Orc #1 at (48.0, 80.0) Distance: 0.0 BLOCKED: true
[KEYBOARD_MOVE] Blocked by entity at tile (1.0,2.0)
[COLLISION CHECK] Target: (48.0, 80.0) vs Orc #1 at (48.0, 80.0) Distance: 0.0 BLOCKED: true
[KEYBOARD_MOVE] Blocked by entity at tile (1.0,2.0)
[COLLISION CHECK] Target: (48.0, 80.0) vs Orc #1 at (48.0, 80.0) Distance: 0.0 BLOCKED: true
[KEYBOARD_MOVE] Blocked by entity at tile (1.0,2.0)
[COLLISION CHECK] Target: (48.0, 80.0) vs Orc #1 at (48.0, 80.0) Distance: 0.0 BLOCKED: true
[KEYBOARD_MOVE] Blocked by entity at tile (1.0,2.0)
[COLLISION CHECK] Target: (48.0, 80.0) vs Orc #1 at (48.0, 80.0) Distance: 0.0 BLOCKED: true
[KEYBOARD_MOVE] Blocked by entity at tile (1.0,2.0)
[COLLISION CHECK] Target: (48.0, 80.0) vs Orc #1 at (48.0, 80.0) Distance: 0.0 BLOCKED: true
[KEYBOARD_MOVE] Blocked by entity at tile (1.0,2.0)
[COLLISION CHECK] Target: (48.0, 80.0) vs Orc #1 at (48.0, 80.0) Distance: 0.0 BLOCKED: true
[KEYBOARD_MOVE] Blocked by entity at tile (1.0,2.0)
[COLLISION CHECK] Target: (48.0, 80.0) vs Orc #1 at (48.0, 80.0) Distance: 0.0 BLOCKED: true
[KEYBOARD_MOVE] Blocked by entity at tile (1.0,2.0)
[COLLISION CHECK] Target: (48.0, 80.0) vs Orc #1 at (48.0, 80.0) Distance: 0.0 BLOCKED: true
[KEYBOARD_MOVE] Blocked by entity at tile (1.0,2.0)
[COLLISION CHECK] Target: (48.0, 80.0) vs Orc #1 at (48.0, 80.0) Distance: 0.0 BLOCKED: true
[KEYBOARD_MOVE] Blocked by entity at tile (1.0,2.0)
[COLLISION CHECK] Target: (48.0, 80.0) vs Orc #1 at (48.0, 80.0) Distance: 0.0 BLOCKED: true
[KEYBOARD_MOVE] Blocked by entity at tile (1.0,2.0)
[COLLISION CHECK] Target: (48.0, 80.0) vs Orc #1 at (48.0, 80.0) Distance: 0.0 BLOCKED: true
[KEYBOARD_MOVE] Blocked by entity at tile (1.0,2.0)
[COLLISION CHECK] Target: (48.0, 80.0) vs Orc #1 at (48.0, 80.0) Distance: 0.0 BLOCKED: true
[KEYBOARD_MOVE] Blocked by entity at tile (1.0,2.0)
[COLLISION CHECK] Target: (48.0, 80.0) vs Orc #1 at (48.0, 80.0) Distance: 0.0 BLOCKED: true
[KEYBOARD_MOVE] Blocked by entity at tile (1.0,2.0)
[COLLISION CHECK] Target: (48.0, 80.0) vs Orc #1 at (48.0, 80.0) Distance: 0.0 BLOCKED: true
[KEYBOARD_MOVE] Blocked by entity at tile (1.0,2.0)
[COLLISION CHECK] Target: (16.0, 112.0) - checked 1 orcs, no collision
[MOVE_COMPLETE] Snapped to tile (0.0,3.0) at pos (16.0, 112.0)
[COLLISION CHECK] Target: (48.0, 112.0) - checked 1 orcs, no collision
[MOVE_COMPLETE] Snapped to tile (1.0,3.0) at pos (48.0, 112.0)
[COLLISION CHECK] Target: (80.0, 112.0) - checked 1 orcs, no collision
[MOVE_COMPLETE] Snapped to tile (2.0,3.0) at pos (80.0, 112.0)
[COLLISION CHECK] Target: (112.0, 112.0) - checked 1 orcs, no collision
[MOVE_COMPLETE] Snapped to tile (3.0,3.0) at pos (112.0, 112.0)
[COLLISION CHECK] Target: (80.0, 112.0) vs Orc #1 at (60.96364, 92.96364) Distance: 26.921480178833 BLOCKED: true
[KEYBOARD_MOVE] Blocked by entity at tile (2.0,3.0)
[COLLISION CHECK] Target: (80.0, 112.0) vs Orc #1 at (62.14215, 94.14215) Distance: 25.2548122406006 BLOCKED: true
[KEYBOARD_MOVE] Blocked by entity at tile (2.0,3.0)
[COLLISION CHECK] Target: (80.0, 112.0) vs Orc #1 at (63.32066, 95.32066) Distance: 23.5881443023682 BLOCKED: true
[KEYBOARD_MOVE] Blocked by entity at tile (2.0,3.0)
[COLLISION CHECK] Target: (80.0, 112.0) vs Orc #1 at (64.49918, 96.49918) Distance: 21.9214763641357 BLOCKED: true
[KEYBOARD_MOVE] Blocked by entity at tile (2.0,3.0)
[COLLISION CHECK] Target: (80.0, 112.0) vs Orc #1 at (65.67769, 97.67769) Distance: 20.2548065185547 BLOCKED: true
[KEYBOARD_MOVE] Blocked by entity at tile (2.0,3.0)
[COLLISION CHECK] Target: (80.0, 112.0) vs Orc #1 at (66.8562, 98.8562) Distance: 18.5881385803223 BLOCKED: true
[KEYBOARD_MOVE] Blocked by entity at tile (2.0,3.0)
[ORC_ATTACK] Orc dealt 10 damage to Player. HP: 57/100
[COLLISION CHECK] Target: (80.0, 112.0) vs Orc #1 at (68.03471, 100.0347) Distance: 16.9214706420898 BLOCKED: true
[KEYBOARD_MOVE] Blocked by entity at tile (2.0,3.0)
[COLLISION CHECK] Target: (80.0, 112.0) vs Orc #1 at (69.21323, 101.2132) Distance: 15.2548017501831 BLOCKED: true
[KEYBOARD_MOVE] Blocked by entity at tile (2.0,3.0)
[COLLISION CHECK] Target: (80.0, 112.0) vs Orc #1 at (70.39174, 102.3917) Distance: 13.5881328582764 BLOCKED: true
[KEYBOARD_MOVE] Blocked by entity at tile (2.0,3.0)
[COLLISION CHECK] Target: (80.0, 112.0) vs Orc #1 at (71.57025, 103.5703) Distance: 11.9214649200439 BLOCKED: true
[KEYBOARD_MOVE] Blocked by entity at tile (2.0,3.0)
[COLLISION CHECK] Target: (80.0, 112.0) vs Orc #1 at (72.74876, 104.7488) Distance: 10.2547960281372 BLOCKED: true
[KEYBOARD_MOVE] Blocked by entity at tile (2.0,3.0)
[COLLISION CHECK] Target: (80.0, 112.0) vs Orc #1 at (73.92728, 105.9273) Distance: 8.58812713623047 BLOCKED: true
[KEYBOARD_MOVE] Blocked by entity at tile (2.0,3.0)
[COLLISION CHECK] Target: (80.0, 112.0) vs Orc #1 at (75.10579, 107.1058) Distance: 6.92145919799805 BLOCKED: true
[KEYBOARD_MOVE] Blocked by entity at tile (2.0,3.0)
[COLLISION CHECK] Target: (80.0, 112.0) vs Orc #1 at (76.2843, 108.2843) Distance: 5.25479078292847 BLOCKED: true
[KEYBOARD_MOVE] Blocked by entity at tile (2.0,3.0)
[COLLISION CHECK] Target: (80.0, 112.0) vs Orc #1 at (77.46281, 109.4628) Distance: 3.58812236785889 BLOCKED: true
[KEYBOARD_MOVE] Blocked by entity at tile (2.0,3.0)
[COLLISION CHECK] Target: (80.0, 112.0) vs Orc #1 at (78.64133, 110.6413) Distance: 1.92145395278931 BLOCKED: true
[KEYBOARD_MOVE] Blocked by entity at tile (2.0,3.0)
[COLLISION CHECK] Target: (80.0, 112.0) vs Orc #1 at (79.81984, 111.8198) Distance: 0.25478544831276 BLOCKED: true
[KEYBOARD_MOVE] Blocked by entity at tile (2.0,3.0)
[COLLISION CHECK] Target: (80.0, 112.0) vs Orc #1 at (80.0, 112.0) Distance: 0.0 BLOCKED: true
[KEYBOARD_MOVE] Blocked by entity at tile (2.0,3.0)
[COLLISION CHECK] Target: (80.0, 112.0) vs Orc #1 at (81.17851, 113.1785) Distance: 1.66666853427887 BLOCKED: true
[KEYBOARD_MOVE] Blocked by entity at tile (2.0,3.0)
[COLLISION CHECK] Target: (80.0, 112.0) vs Orc #1 at (82.35703, 114.357) Distance: 3.33333706855774 BLOCKED: true
[KEYBOARD_MOVE] Blocked by entity at tile (2.0,3.0)
[COLLISION CHECK] Target: (80.0, 112.0) vs Orc #1 at (83.53554, 115.5355) Distance: 5.00000524520874 BLOCKED: true
[KEYBOARD_MOVE] Blocked by entity at tile (2.0,3.0)
[COLLISION CHECK] Target: (80.0, 112.0) vs Orc #1 at (84.71405, 116.7141) Distance: 6.66667413711548 BLOCKED: true
[KEYBOARD_MOVE] Blocked by entity at tile (2.0,3.0)
[COLLISION CHECK] Target: (80.0, 112.0) vs Orc #1 at (85.89256, 117.8926) Distance: 8.33334255218506 BLOCKED: true
[KEYBOARD_MOVE] Blocked by entity at tile (2.0,3.0)
[COLLISION CHECK] Target: (80.0, 112.0) vs Orc #1 at (87.07108, 119.0711) Distance: 10.0000104904175 BLOCKED: true
[KEYBOARD_MOVE] Blocked by entity at tile (2.0,3.0)
[COLLISION CHECK] Target: (112.0, 80.0) - checked 1 orcs, no collision
[MOVE_COMPLETE] Snapped to tile (3.0,2.0) at pos (112.0, 80.0)
[COLLISION CHECK] Target: (80.0, 80.0) - checked 1 orcs, no collision
[ORC_ATTACK] Orc dealt 6 damage to Player. HP: 51/100
[MOVE_COMPLETE] Snapped to tile (2.0,2.0) at pos (80.0, 80.0)
[COLLISION CHECK] Target: (48.0, 80.0) - checked 1 orcs, no collision
[MOVE_COMPLETE] Snapped to tile (1.0,2.0) at pos (48.0, 80.0)
[COLLISION CHECK] Target: (16.0, 80.0) - checked 1 orcs, no collision
[MOVE_COMPLETE] Snapped to tile (0.0,2.0) at pos (16.0, 80.0)
[COLLISION CHECK] Target: (48.0, 80.0) - checked 1 orcs, no collision
[MOVE_COMPLETE] Snapped to tile (1.0,2.0) at pos (48.0, 80.0)
[COLLISION CHECK] Target: (80.0, 80.0) - checked 1 orcs, no collision
[MOVE_COMPLETE] Snapped to tile (2.0,2.0) at pos (80.0, 80.0)
[COLLISION CHECK] Target: (112.0, 80.0) vs Orc #1 at (102.5719, 102.5719) Distance: 24.4618015289307 BLOCKED: true
[KEYBOARD_MOVE] Blocked by entity at tile (3.0,2.0)
[COLLISION CHECK] Target: (112.0, 80.0) vs Orc #1 at (101.3934, 101.3934) Distance: 23.8783836364746 BLOCKED: true
[KEYBOARD_MOVE] Blocked by entity at tile (3.0,2.0)
[COLLISION CHECK] Target: (112.0, 80.0) vs Orc #1 at (100.2149, 100.2149) Distance: 23.3993663787842 BLOCKED: true
[KEYBOARD_MOVE] Blocked by entity at tile (3.0,2.0)
[COLLISION CHECK] Target: (112.0, 80.0) vs Orc #1 at (99.03636, 99.03636) Distance: 23.0312614440918 BLOCKED: true
[KEYBOARD_MOVE] Blocked by entity at tile (3.0,2.0)
[COLLISION CHECK] Target: (112.0, 80.0) vs Orc #1 at (97.85785, 97.85785) Distance: 22.779447555542 BLOCKED: true
[KEYBOARD_MOVE] Blocked by entity at tile (3.0,2.0)
[COLLISION CHECK] Target: (112.0, 80.0) vs Orc #1 at (96.67934, 96.67934) Distance: 22.6478023529053 BLOCKED: true
[KEYBOARD_MOVE] Blocked by entity at tile (3.0,2.0)
[COLLISION CHECK] Target: (112.0, 80.0) vs Orc #1 at (95.50082, 95.50082) Distance: 22.6384258270264 BLOCKED: true
[KEYBOARD_MOVE] Blocked by entity at tile (3.0,2.0)
[COLLISION CHECK] Target: (112.0, 80.0) vs Orc #1 at (94.32231, 94.32231) Distance: 22.7514667510986 BLOCKED: true
[KEYBOARD_MOVE] Blocked by entity at tile (3.0,2.0)
[COLLISION CHECK] Target: (112.0, 80.0) vs Orc #1 at (93.1438, 93.1438) Distance: 22.9851207733154 BLOCKED: true
[KEYBOARD_MOVE] Blocked by entity at tile (3.0,2.0)
[COLLISION CHECK] Target: (112.0, 80.0) vs Orc #1 at (91.96529, 91.96529) Distance: 23.3357620239258 BLOCKED: true
[KEYBOARD_MOVE] Blocked by entity at tile (3.0,2.0)
[COLLISION CHECK] Target: (112.0, 80.0) vs Orc #1 at (90.78677, 90.78677) Distance: 23.7982234954834 BLOCKED: true
[KEYBOARD_MOVE] Blocked by entity at tile (3.0,2.0)
[COLLISION CHECK] Target: (112.0, 80.0) vs Orc #1 at (89.60826, 89.60826) Distance: 24.366138458252 BLOCKED: true
[KEYBOARD_MOVE] Blocked by entity at tile (3.0,2.0)
[COLLISION CHECK] Target: (112.0, 80.0) vs Orc #1 at (88.42975, 88.42975) Distance: 25.0323276519775 BLOCKED: true
[KEYBOARD_MOVE] Blocked by entity at tile (3.0,2.0)
[COLLISION CHECK] Target: (112.0, 80.0) vs Orc #1 at (87.25124, 87.25124) Distance: 25.7891788482666 BLOCKED: true
[KEYBOARD_MOVE] Blocked by entity at tile (3.0,2.0)
[COLLISION CHECK] Target: (112.0, 80.0) vs Orc #1 at (86.07272, 86.07272) Distance: 26.628963470459 BLOCKED: true
[KEYBOARD_MOVE] Blocked by entity at tile (3.0,2.0)
[COLLISION CHECK] Target: (112.0, 80.0) vs Orc #1 at (84.89421, 84.89421) Distance: 27.5440940856934 BLOCKED: true
[KEYBOARD_MOVE] Blocked by entity at tile (3.0,2.0)
[COLLISION CHECK] Target: (112.0, 80.0) vs Orc #1 at (83.7157, 83.7157) Distance: 28.527322769165 BLOCKED: true
[KEYBOARD_MOVE] Blocked by entity at tile (3.0,2.0)
[ORC_ATTACK] Orc dealt 10 damage to Player. HP: 41/100
[COLLISION CHECK] Target: (112.0, 80.0) vs Orc #1 at (82.53719, 82.53719) Distance: 29.5718574523926 BLOCKED: true
[KEYBOARD_MOVE] Blocked by entity at tile (3.0,2.0)
[COLLISION CHECK] Target: (80.0, 112.0) - checked 1 orcs, no collision
[MOVE_COMPLETE] Snapped to tile (2.0,3.0) at pos (80.0, 112.0)
[COLLISION CHECK] Target: (80.0, 144.0) - checked 1 orcs, no collision
[MOVE_COMPLETE] Snapped to tile (2.0,4.0) at pos (80.0, 144.0)
[COLLISION CHECK] Target: (80.0, 176.0) - checked 1 orcs, no collision
[MOVE_COMPLETE] Snapped to tile (2.0,5.0) at pos (80.0, 176.0)
